// Jest Snapshot v1, https://goo.gl/fbAQLP

exports[`Main component Take a snapshot of the main component 1`] = `ShallowWrapper {}`;
